[debug] [2025-09-19T12:24:31.737Z] ----------------------------------------------------------------------
[debug] [2025-09-19T12:24:31.738Z] Command:       /usr/local/bin/node /usr/local/bin/firebase deploy --only functions
[debug] [2025-09-19T12:24:31.739Z] CLI Version:   14.16.0
[debug] [2025-09-19T12:24:31.739Z] Platform:      darwin
[debug] [2025-09-19T12:24:31.739Z] Node Version:  v22.17.0
[debug] [2025-09-19T12:24:31.739Z] Time:          Fri Sep 19 2025 15:24:31 GMT+0300 (East Africa Time)
[debug] [2025-09-19T12:24:31.739Z] ----------------------------------------------------------------------
[debug] 
[debug] [2025-09-19T12:24:31.809Z] Object "" in "firebase.json" has unknown property: {"additionalProperty":"flutter"}
[debug] [2025-09-19T12:24:31.810Z] Checked if tokens are valid: false, expires at: 1758252542991
[debug] [2025-09-19T12:24:31.810Z] Checked if tokens are valid: false, expires at: 1758252542991
[debug] [2025-09-19T12:24:31.810Z] > refreshing access token with scopes: []
[debug] [2025-09-19T12:24:31.811Z] >>> [apiv2][query] POST https://www.googleapis.com/oauth2/v3/token [none]
[debug] [2025-09-19T12:24:31.811Z] >>> [apiv2][body] POST https://www.googleapis.com/oauth2/v3/token [omitted]
[debug] [2025-09-19T12:24:34.670Z] <<< [apiv2][status] POST https://www.googleapis.com/oauth2/v3/token 200
[debug] [2025-09-19T12:24:34.670Z] <<< [apiv2][body] POST https://www.googleapis.com/oauth2/v3/token [omitted]
[debug] [2025-09-19T12:24:34.700Z] >>> [apiv2][query] POST https://iam.googleapis.com/v1/projects/undefined/serviceAccounts/undefined@appspot.gserviceaccount.com:testIamPermissions [none]
[debug] [2025-09-19T12:24:34.700Z] >>> [apiv2][body] POST https://iam.googleapis.com/v1/projects/undefined/serviceAccounts/undefined@appspot.gserviceaccount.com:testIamPermissions {"permissions":["iam.serviceAccounts.actAs"]}
[debug] [2025-09-19T12:24:38.680Z] <<< [apiv2][status] POST https://iam.googleapis.com/v1/projects/undefined/serviceAccounts/undefined@appspot.gserviceaccount.com:testIamPermissions 404
[debug] [2025-09-19T12:24:38.680Z] <<< [apiv2][body] POST https://iam.googleapis.com/v1/projects/undefined/serviceAccounts/undefined@appspot.gserviceaccount.com:testIamPermissions {"error":{"code":404,"message":"Unknown service account","status":"NOT_FOUND"}}
[debug] [2025-09-19T12:24:38.681Z] [functions] service account IAM check errored, deploy may fail: Request to https://iam.googleapis.com/v1/projects/undefined/serviceAccounts/undefined@appspot.gserviceaccount.com:testIamPermissions had HTTP Error: 404, Unknown service account {"name":"FirebaseError","children":[],"context":{"body":{"error":{"code":404,"message":"Unknown service account","status":"NOT_FOUND"}},"response":{"statusCode":404}},"exit":1,"message":"Request to https://iam.googleapis.com/v1/projects/undefined/serviceAccounts/undefined@appspot.gserviceaccount.com:testIamPermissions had HTTP Error: 404, Unknown service account","status":404}
[debug] [2025-09-19T12:24:43.697Z] Error: Timed out.
    at Timeout._onTimeout (/usr/local/lib/node_modules/firebase-tools/lib/utils.js:275:49)
    at listOnTimeout (node:internal/timers:588:17)
    at process.processTimers (node:internal/timers:523:7)
[error] 
[error] Error: An unexpected error has occurred.
